../Drivers/CMSIS/Include/core_cm4.h:1684:22:__NVIC_EnableIRQ	16	static,ignoring_inline_asm
../Core/Src/main.c:69:6:I2C2_Slave_Init	8	static
../Core/Src/main.c:114:6:I2C2_EV_IRQHandler	16	static
../Core/Src/main.c:138:6:delay_us	16	static,ignoring_inline_asm
../Core/Src/main.c:143:6:TM1637_Init	4	static
../Core/Src/main.c:162:6:TM1637_Start	8	static
../Core/Src/main.c:171:6:TM1637_Stop	8	static
../Core/Src/main.c:181:6:TM1637_WriteByte	24	static
../Core/Src/main.c:211:6:TM1637_DisplayDigit	16	static
../Core/Src/main.c:236:5:main	16	static,ignoring_inline_asm
../Core/Src/main.c:267:6:SystemClock_Config	88	static
../Core/Src/main.c:314:13:MX_GPIO_Init	56	static
../Core/Src/main.c:461:6:Error_Handler	4	static,ignoring_inline_asm
