../Drivers/CMSIS/Include/core_cm4.h:1684:22:__NVIC_EnableIRQ	2
../Core/Src/main.c:69:6:I2C2_Slave_Init	1
../Core/Src/main.c:114:6:I2C2_EV_IRQHandler	4
../Core/Src/main.c:138:6:delay_us	2
../Core/Src/main.c:143:6:TM1637_Init	1
../Core/Src/main.c:162:6:TM1637_Start	1
../Core/Src/main.c:171:6:TM1637_Stop	1
../Core/Src/main.c:181:6:TM1637_WriteByte	3
../Core/Src/main.c:211:6:TM1637_DisplayDigit	1
../Core/Src/main.c:236:5:main	3
../Core/Src/main.c:267:6:SystemClock_Config	3
../Core/Src/main.c:314:13:MX_GPIO_Init	1
../Core/Src/main.c:461:6:Error_Handler	1
